// Jest Snapshot v1, https://goo.gl/fbAQLP

exports[`ErrorMessage matches the snapshot 1`] = `
<wrappers__PageWrapper>
  <h3>
    Ooops...
  </h3>
  <p>
    Something went sideways :$
  </p>
  <wrappers__ErrorBox>
    <wrappers__ErrorCode>
      Hello world!
    </wrappers__ErrorCode>
  </wrappers__ErrorBox>
</wrappers__PageWrapper>
`;
