// Jest Snapshot v1, https://goo.gl/fbAQLP

exports[`Index matches snapshot 1`] = `
<Form
  isLoading={false}
  message={null}
>
  <p>
    Available makes:
  </p>
  <DropdownField
    autocomplete="make"
    disabled={false}
    handleUpdate={[Function]}
    name="make"
    valid={false}
    value=""
    values={
      Array [
        "ford",
        "opel",
      ]
    }
  />
  <p>
    Available models:
  </p>
  <DropdownField
    autocomplete="model"
    disabled={true}
    handleUpdate={[Function]}
    name="model"
    placeholder="Chose make first!"
    valid={false}
    value=""
    values={Array []}
  />
</Form>
`;
